// Jest Snapshot v1, https://goo.gl/fbAQLP

exports[`parsed data tests should return modified parsed data 1`] = `
Array [
  Object {
    "commentText": "TODO: @aleku399 look into why this was causing bars not to show",
    "fileName": "README.md",
    "keyWord": "TODO:",
    "lineNumber": Object {
      "end": Object {
        "column": 65,
        "line": 1,
      },
      "start": Object {
        "column": 0,
        "line": 1,
      },
    },
  },
]
`;
